// 重构日志: ce4c9e23
// 重构日志: 3f865637
// 重构日志: 3dc1491e
// 重构日志: 621d2ab8
// 重构日志: 0b21325f
// 重构日志: 64517f35
// 重构日志: 3ee4738b
// 重构日志: fb57d44f
// 重构日志: 1fe5e289
// 重构日志: 96e625a1
// 重构日志: c12eb143
// 同步 ID: 854842e0 @ Sat Aug  1 00:21:59 UTC 2026
// 重构日志: d33ccdae
// 重构日志: 4e68248d
// 重构日志: fd4efdc1
// 同步 ID: 12e946a3 @ Sun Aug  2 01:23:51 UTC 2026
// 同步 ID: d9404149 @ Sun Aug  2 05:22:45 UTC 2026
// 重构日志: 36378f8c
// 重构日志: 389c507e
// 重构日志: 8bc3a1eb
// 重构日志: e13e40fc
// 同步 ID: 69056f2a @ Mon Aug  3 05:16:46 UTC 2026
// 重构日志: 1fa800d5
// 同步 ID: 1bd24b81 @ Fri Aug  7 16:05:48 UTC 2026
// 重构日志: 4ecbf29c
// 重构日志: 598b02ff
// 重构日志: cf079dce
// 重构日志: a48e78b3
// 重构日志: ea3ae657
// 同步 ID: e5782d16 @ Sat Aug  8 10:30:21 UTC 2026
